<html>
<body>
<pre>
<h1>µVision Build Log</h1>
<h2>Tool Versions:</h2>
IDE-Version: µVision V5.36.0.0
Copyright (C) 2021 ARM Ltd and ARM Germany GmbH. All rights reserved.
License Information: ale gelsi, polito, LIC=----
 
Tool Versions:
Toolchain:       MDK-Lite  Version: 5.36.0.0
Toolchain Path:  C:\Keil_v5\ARM\ARMCC\Bin
C Compiler:      Armcc.exe V5.06 update 7 (build 960)
Assembler:       Armasm.exe V5.06 update 7 (build 960)
Linker/Locator:  ArmLink.exe V5.06 update 7 (build 960)
Library Manager: ArmAr.exe V5.06 update 7 (build 960)
Hex Converter:   FromElf.exe V5.06 update 7 (build 960)
CPU DLL:         SARMCM3.DLL V5.36.0.0
Dialog DLL:      DARMP1.DLL V1.27.0.0
Target DLL:      UL2CM3.DLL V1.164.0.0
Dialog DLL:      TARMP1.DLL V1.26.0.0
 
<h2>Project:</h2>
C:\Users\aleg2\Desktop\Alessandro_Gelsi_extrapoint2\extrapoint2\sample.uvprojx
Project File Date:  01/01/2022

<h2>Output:</h2>
*** Using Compiler 'V5.06 update 7 (build 960)', folder: 'C:\Keil_v5\ARM\ARMCC\Bin'
Rebuild target 'Target 1'
compiling IRQ_adc.c...
adc\IRQ_adc.c(30): warning:  #223-D: function "move_paddle" declared implicitly
  			move_paddle(AD_current*190/0xF00);
adc\IRQ_adc.c: 1 warning, 0 errors
assembling startup_LPC17xx.s...
compiling AsciiLib.c...
compiling IRQ_RIT.c...
RIT\IRQ_RIT.c(53): warning:  #223-D: function "start_game" declared implicitly
  					start_game();
RIT\IRQ_RIT.c(59): warning:  #223-D: function "pause_game" declared implicitly
  						pause_game();
RIT\IRQ_RIT.c(66): warning:  #223-D: function "reset_game" declared implicitly
  						reset_game();
RIT\IRQ_RIT.c: 3 warnings, 0 errors
compiling core_cm3.c...
compiling lib_adc.c...
compiling lib_button.c...
compiling lib_RIT.c...
compiling IRQ_button.c...
button_EXINT\IRQ_button.c(10): warning:  #223-D: function "enable_RIT" declared implicitly
  	enable_RIT();										/* enable RIT to count 50ms				 */
button_EXINT\IRQ_button.c(22): warning:  #223-D: function "enable_RIT" declared implicitly
  	enable_RIT();										/* enable RIT to count 50ms				 */
button_EXINT\IRQ_button.c(34): warning:  #223-D: function "enable_RIT" declared implicitly
  	enable_RIT();										/* enable RIT to count 50ms				 */
button_EXINT\IRQ_button.c: 3 warnings, 0 errors
compiling system_LPC17xx.c...
compiling lib_timer.c...
compiling IRQ_timer.c...
timer\IRQ_timer.c(107): warning:  #223-D: function "move_ball" declared implicitly
  	move_ball();
timer\IRQ_timer.c(116): warning:  #223-D: function "move_paddle_cpu" declared implicitly
  	move_paddle_cpu();
timer\IRQ_timer.c: 2 warnings, 0 errors
compiling sample.c...
sample.c(115): warning:  #177-D: variable "i"  was declared but never referenced
  	int i=ball.x;
sample.c(116): warning:  #177-D: variable "j"  was declared but never referenced
  	int j=ball.y;
sample.c(149): warning:  #177-D: variable "i"  was declared but never referenced
  		int i;
sample.c: 3 warnings, 0 errors
compiling HzLib.c...
compiling GLCD.c...
linking...
Program Size: Code=22212 RO-data=1804 RW-data=152 ZI-data=664  
".\sample.axf" - 0 Error(s), 12 Warning(s).

<h2>Software Packages used:</h2>

Package Vendor: ARM
                http://www.keil.com/pack/ARM.CMSIS.5.8.0.pack
                ARM.CMSIS.5.8.0
                CMSIS (Common Microcontroller Software Interface Standard)
   * Component: CORE Version: 5.5.0

Package Vendor: Keil
                http://www.keil.com/pack/Keil.LPC1700_DFP.2.7.1.pack
                Keil.LPC1700_DFP.2.7.1
                NXP LPC1700 Series Device Support, Drivers and Examples for MCB1700 and LPC1788-32

<h2>Collection of Component include folders:</h2>
  .\RTE\_Target_1
  C:\Users\aleg2\AppData\Local\Arm\Packs\ARM\CMSIS\5.8.0\CMSIS\Core\Include
  C:\Users\aleg2\AppData\Local\Arm\Packs\Keil\LPC1700_DFP\2.7.1\Device\Include

<h2>Collection of Component Files used:</h2>

   * Component: ARM::CMSIS:CORE:5.5.0
Build Time Elapsed:  00:00:00
</pre>
</body>
</html>
